// Jest Snapshot v1, https://goo.gl/fbAQLP

exports[`Footer should render Footer 1`] = `
<DocumentFragment>
  <footer
    class="footer"
  >
    <div
      class="wrapper"
    >
      <a
        class="logo"
        href="#"
      >
        netflixroulette
      </a>
    </div>
  </footer>
</DocumentFragment>
`;
